
Collecting usage statistics. To deactivate, set browser.gatherUsageStats to false.

2026-09-24 21:12:22.913 Uvicorn server started on :::8501

  You can now view your Streamlit app in your browser.

  Local URL: http://localhost:8501
  Network URL: http://192.168.29.238:8501
  External URL: http://49.37.219.151:8501

  For better performance, install the Watchdog module:

  $ xcode-select --install
  $ pip install watchdog
            
Twilio not available - SMS alerts disabled
2026-09-24 21:12:24.566 Please replace `use_container_width` with `width`.

`use_container_width` will be removed after 2025-12-31.

For `use_container_width=True`, use `width='stretch'`. For `use_container_width=False`, use `width='content'`.
2026-09-24 21:12:55.195 Please replace `use_container_width` with `width`.

`use_container_width` will be removed after 2025-12-31.

For `use_container_width=True`, use `width='stretch'`. For `use_container_width=False`, use `width='content'`.
2026-09-24 21:13:25.198 Please replace `use_container_width` with `width`.

`use_container_width` will be removed after 2025-12-31.

For `use_container_width=True`, use `width='stretch'`. For `use_container_width=False`, use `width='content'`.
2026-09-24 21:13:32.764 Please replace `use_container_width` with `width`.

`use_container_width` will be removed after 2025-12-31.

For `use_container_width=True`, use `width='stretch'`. For `use_container_width=False`, use `width='content'`.
I0000 00:00:1790264614.312670  291057 init-domain.cc:128] Fiber init: default domain = pthread, concurrency = 11, prefix = pthread-default
I0000 00:00:1790264614.339923  291057 gl_context.cc:407] GL version: 2.1 (2.1 Metal - 90.5), renderer: Apple M4
INFO: Created TensorFlow Lite XNNPACK delegate for CPU.
W0000 00:00:1790264614.380185  291061 inference_feedback_manager.cc:121] Feedback manager requires a model with a single signature inference. Disabling support for feedback tensors.
W0000 00:00:1790264614.385825  291066 inference_feedback_manager.cc:121] Feedback manager requires a model with a single signature inference. Disabling support for feedback tensors.
W0000 00:00:1790264615.697263  291064 landmark_projection_calculator.cc:81] Using NORM_RECT without IMAGE_DIMENSIONS is only supported for the square ROI. Provide IMAGE_DIMENSIONS or use PROJECTION_MATRIX.
No features extracted - check window parameters
No features extracted - check window parameters
No features extracted - check window parameters
No features extracted - check window parameters
No features extracted - check window parameters
No features extracted - check window parameters
No features extracted - check window parameters
No features extracted - check window parameters
No features extracted - check window parameters
No features extracted - check window parameters
No features extracted - check window parameters
No features extracted - check window parameters
No features extracted - check window parameters
No features extracted - check window parameters
No features extracted - check window parameters
No features extracted - check window parameters
No features extracted - check window parameters
No features extracted - check window parameters
No features extracted - check window parameters
No features extracted - check window parameters
No features extracted - check window parameters
No features extracted - check window parameters
No features extracted - check window parameters
No features extracted - check window parameters
No features extracted - check window parameters
No features extracted - check window parameters
No features extracted - check window parameters
No features extracted - check window parameters
No features extracted - check window parameters
No features extracted - check window parameters
No features extracted - check window parameters
No features extracted - check window parameters
No features extracted - check window parameters
No features extracted - check window parameters
No features extracted - check window parameters
No features extracted - check window parameters
No features extracted - check window parameters
No features extracted - check window parameters
2026-09-24 21:14:06.990 Please replace `use_container_width` with `width`.

`use_container_width` will be removed after 2025-12-31.

For `use_container_width=True`, use `width='stretch'`. For `use_container_width=False`, use `width='content'`.
2026-09-24 21:14:11.089 Please replace `use_container_width` with `width`.

`use_container_width` will be removed after 2025-12-31.

For `use_container_width=True`, use `width='stretch'`. For `use_container_width=False`, use `width='content'`.
2026-09-24 21:14:41.193 Please replace `use_container_width` with `width`.

`use_container_width` will be removed after 2025-12-31.

For `use_container_width=True`, use `width='stretch'`. For `use_container_width=False`, use `width='content'`.
2026-09-24 21:15:11.132 Please replace `use_container_width` with `width`.

`use_container_width` will be removed after 2025-12-31.

For `use_container_width=True`, use `width='stretch'`. For `use_container_width=False`, use `width='content'`.
Failed to read frame
Failed to read frame
Failed to read frame
Failed to read frame
Failed to read frame
Failed to read frame
Failed to read frame
Failed to read frame
Failed to read frame
Failed to read frame
Failed to read frame
Failed to read frame
Failed to read frame
Failed to read frame
Failed to read frame
Failed to read frame
Failed to read frame
Failed to read frame
Failed to read frame
Failed to read frame
Failed to read frame
Failed to read frame
Failed to read frame
Failed to read frame
Failed to read frame
Failed to read frame
Failed to read frame
Failed to read frame
Failed to read frame
Failed to read frame
Failed to read frame
Failed to read frame
Failed to read frame
Failed to read frame
Failed to read frame
Failed to read frame
Failed to read frame
Failed to read frame
Failed to read frame
Failed to read frame
Failed to read frame
Failed to read frame
Failed to read frame
Failed to read frame
Failed to read frame
Failed to read frame
Failed to read frame
Failed to read frame
Failed to read frame
Failed to read frame
Failed to read frame
Failed to read frame
Failed to read frame
Failed to read frame
Failed to read frame
Failed to read frame
Failed to read frame
Failed to read frame
Failed to read frame
Failed to read frame
Failed to read frame
Failed to read frame
Failed to read frame
Failed to read frame
Failed to read frame
Failed to read frame
Failed to read frame
Failed to read frame
Failed to read frame
Failed to read frame
Failed to read frame
Failed to read frame
Failed to read frame
Failed to read frame
Failed to read frame
Failed to read frame
Failed to read frame
Failed to read frame
Failed to read frame
Failed to read frame
Failed to read frame
Failed to read frame
Failed to read frame
Failed to read frame
Failed to read frame
Failed to read frame
Failed to read frame
Failed to read frame
Failed to read frame
Failed to read frame
Failed to read frame
Failed to read frame
Failed to read frame
Failed to read frame
Failed to read frame
Failed to read frame
Failed to read frame
Failed to read frame
Failed to read frame
Failed to read frame
Failed to read frame
Failed to read frame
Failed to read frame
Failed to read frame
Failed to read frame
Failed to read frame
Failed to read frame
Failed to read frame
Failed to read frame
Failed to read frame
Failed to read frame
Failed to read frame
Failed to read frame
Failed to read frame
Failed to read frame
Failed to read frame
Failed to read frame
Failed to read frame
Failed to read frame
Failed to read frame
Failed to read frame
Failed to read frame
Failed to read frame
Failed to read frame
Failed to read frame
Failed to read frame
Failed to read frame
Failed to read frame
Failed to read frame
Failed to read frame
Failed to read frame
Failed to read frame
Failed to read frame
Failed to read frame
Failed to read frame
Failed to read frame
Failed to read frame
Failed to read frame
Failed to read frame
Failed to read frame
Failed to read frame
Failed to read frame
Failed to read frame
Failed to read frame
Failed to read frame
Failed to read frame
Failed to read frame
Failed to read frame
Failed to read frame
Failed to read frame
Failed to read frame
Failed to read frame
Failed to read frame
Failed to read frame
Failed to read frame
Failed to read frame
Failed to read frame
Failed to read frame
Failed to read frame
Failed to read frame
Failed to read frame
Failed to read frame
Failed to read frame
Failed to read frame
Failed to read frame
Failed to read frame
Failed to read frame
Failed to read frame
Failed to read frame
Failed to read frame
Failed to read frame
Failed to read frame
Failed to read frame
Failed to read frame
Failed to read frame
Failed to read frame
Failed to read frame
Failed to read frame
Failed to read frame
Failed to read frame
Failed to read frame
Failed to read frame
Failed to read frame
Failed to read frame
Failed to read frame
Failed to read frame
Failed to read frame
Failed to read frame
Failed to read frame
Failed to read frame
Failed to read frame
Failed to read frame
Failed to read frame
Failed to read frame
Failed to read frame
Failed to read frame
Failed to read frame
Failed to read frame
Failed to read frame
Failed to read frame
Failed to read frame
Failed to read frame
Failed to read frame
Failed to read frame
Failed to read frame
Failed to read frame
Failed to read frame
Failed to read frame
Failed to read frame
Failed to read frame
Failed to read frame
Failed to read frame
Failed to read frame
Failed to read frame
Failed to read frame
Failed to read frame
Failed to read frame
Failed to read frame
Failed to read frame
Failed to read frame
Failed to read frame
Failed to read frame
Failed to read frame
Failed to read frame
Failed to read frame
Failed to read frame
Failed to read frame
Failed to read frame
Failed to read frame
Failed to read frame
Failed to read frame
Failed to read frame
Failed to read frame
Failed to read frame
Failed to read frame
Failed to read frame
Failed to read frame
Failed to read frame
Failed to read frame
Failed to read frame
Failed to read frame
Failed to read frame
Failed to read frame
Failed to read frame
Failed to read frame
Failed to read frame
Failed to read frame
Failed to read frame
Failed to read frame
Failed to read frame
Failed to read frame
Failed to read frame
Failed to read frame
Failed to read frame
Failed to read frame
Failed to read frame
Failed to read frame
Failed to read frame
Failed to read frame
Failed to read frame
Failed to read frame
Failed to read frame
Failed to read frame
Failed to read frame
Failed to read frame
Failed to read frame
Failed to read frame
Failed to read frame
Failed to read frame
Failed to read frame
Failed to read frame
Failed to read frame
Failed to read frame
Failed to read frame
Failed to read frame
Failed to read frame
Failed to read frame
Failed to read frame
Failed to read frame
Failed to read frame
Failed to read frame
Failed to read frame
Failed to read frame
Failed to read frame
Failed to read frame
Failed to read frame
Failed to read frame
Failed to read frame
Failed to read frame
Failed to read frame
Failed to read frame
Failed to read frame
Failed to read frame
Failed to read frame
Failed to read frame
Failed to read frame
Failed to read frame
Failed to read frame
Failed to read frame
Failed to read frame
Failed to read frame
Failed to read frame
Failed to read frame
Failed to read frame
Failed to read frame
Failed to read frame
Failed to read frame
Failed to read frame
Failed to read frame
Failed to read frame
Failed to read frame
Failed to read frame
Failed to read frame
Failed to read frame
Failed to read frame
Failed to read frame
Failed to read frame
Failed to read frame
Failed to read frame
Failed to read frame
Failed to read frame
Failed to read frame
Failed to read frame
Failed to read frame
Failed to read frame
Failed to read frame
Failed to read frame
Failed to read frame
Failed to read frame
Failed to read frame
Failed to read frame
Failed to read frame
Failed to read frame
Failed to read frame
Failed to read frame
Failed to read frame
Failed to read frame
Failed to read frame
Failed to read frame
Failed to read frame
Failed to read frame
Failed to read frame
Failed to read frame
Failed to read frame
Failed to read frame
Failed to read frame
Failed to read frame
Failed to read frame
Failed to read frame
Failed to read frame
Failed to read frame
Failed to read frame
Failed to read frame
Failed to read frame
Failed to read frame
Failed to read frame
Failed to read frame
Failed to read frame
Failed to read frame
Failed to read frame
Failed to read frame
Failed to read frame
Failed to read frame
Failed to read frame
Failed to read frame
Failed to read frame
Failed to read frame
Failed to read frame
Failed to read frame
Failed to read frame
Failed to read frame
Failed to read frame
Failed to read frame
Failed to read frame
Failed to read frame
Failed to read frame
Failed to read frame
Failed to read frame
Failed to read frame
Failed to read frame
Failed to read frame
Failed to read frame
Failed to read frame
Failed to read frame
Failed to read frame
Failed to read frame
Failed to read frame
Failed to read frame
Failed to read frame
Failed to read frame
Failed to read frame
Failed to read frame
Failed to read frame
Failed to read frame
Failed to read frame
Failed to read frame
Failed to read frame
Failed to read frame
Failed to read frame
Failed to read frame
Failed to read frame
Failed to read frame
Failed to read frame
Failed to read frame
Failed to read frame
Failed to read frame
Failed to read frame
Failed to read frame
Failed to read frame
Failed to read frame
Failed to read frame
Failed to read frame
Failed to read frame
Failed to read frame
Failed to read frame
Failed to read frame
Failed to read frame
Failed to read frame
Failed to read frame
Failed to read frame
Failed to read frame
Failed to read frame
Failed to read frame
Failed to read frame
Failed to read frame
Failed to read frame
Failed to read frame
Failed to read frame
Failed to read frame
Failed to read frame
Failed to read frame
Failed to read frame
Failed to read frame
Failed to read frame
Failed to read frame
Failed to read frame
Failed to read frame
Failed to read frame
Failed to read frame
Failed to read frame
Failed to read frame
Failed to read frame
Failed to read frame
Failed to read frame
Failed to read frame
Failed to read frame
Failed to read frame
Failed to read frame
Failed to read frame
Failed to read frame
Failed to read frame
Failed to read frame
Failed to read frame
Failed to read frame
Failed to read frame
Failed to read frame
Failed to read frame
Failed to read frame
Failed to read frame
Failed to read frame
Failed to read frame
Failed to read frame
Failed to read frame
Failed to read frame
Failed to read frame
Failed to read frame
Failed to read frame
Failed to read frame
Failed to read frame
Failed to read frame
Failed to read frame
Failed to read frame
Failed to read frame
Failed to read frame
Failed to read frame
Failed to read frame
Failed to read frame
Failed to read frame
Failed to read frame
Failed to read frame
Failed to read frame
Failed to read frame
Failed to read frame
Failed to read frame
Failed to read frame
Failed to read frame
Failed to read frame
Failed to read frame
Failed to read frame
Failed to read frame
Failed to read frame
Failed to read frame
Failed to read frame
Failed to read frame
Failed to read frame
Failed to read frame
Failed to read frame
Failed to read frame
Failed to read frame
Failed to read frame
Failed to read frame
Failed to read frame
Failed to read frame
Failed to read frame
Failed to read frame
Failed to read frame
Failed to read frame
Failed to read frame
Failed to read frame
Failed to read frame
Failed to read frame
Failed to read frame
Failed to read frame
Failed to read frame
Failed to read frame
Failed to read frame
Failed to read frame
Failed to read frame
Failed to read frame
Failed to read frame
Failed to read frame
Failed to read frame
Failed to read frame
Failed to read frame
Failed to read frame
Failed to read frame
Failed to read frame
Failed to read frame
Failed to read frame
Failed to read frame
Failed to read frame
Failed to read frame
Failed to read frame
Failed to read frame
Failed to read frame
Failed to read frame
Failed to read frame
Failed to read frame
Failed to read frame
Failed to read frame
Failed to read frame
Failed to read frame
Failed to read frame
Failed to read frame
Failed to read frame
Failed to read frame
Failed to read frame
Failed to read frame
Failed to read frame
Failed to read frame
Failed to read frame
Failed to read frame
Failed to read frame
Failed to read frame
Failed to read frame
Failed to read frame
Failed to read frame
Failed to read frame
Failed to read frame
Failed to read frame
Failed to read frame
Failed to read frame
Failed to read frame
Failed to read frame
Failed to read frame
Failed to read frame
Failed to read frame
Failed to read frame
Failed to read frame
Failed to read frame
Failed to read frame
Failed to read frame
Failed to read frame
Failed to read frame
Failed to read frame
Failed to read frame
Failed to read frame
Failed to read frame
Failed to read frame
Failed to read frame
Failed to read frame
Failed to read frame
Failed to read frame
Failed to read frame
Failed to read frame
Failed to read frame
Failed to read frame
Failed to read frame
Failed to read frame
Failed to read frame
Failed to read frame
Failed to read frame
Failed to read frame
Failed to read frame
Failed to read frame
Failed to read frame
Failed to read frame
Failed to read frame
Failed to read frame
Failed to read frame
Failed to read frame
Failed to read frame
Failed to read frame
Failed to read frame
Failed to read frame
Failed to read frame
Failed to read frame
Failed to read frame
Failed to read frame
Failed to read frame
Failed to read frame
Failed to read frame
Failed to read frame
Failed to read frame
Failed to read frame
Failed to read frame
Failed to read frame
Failed to read frame
Failed to read frame
Failed to read frame
Failed to read frame
Failed to read frame
Failed to read frame
Failed to read frame
Failed to read frame
Failed to read frame
Failed to read frame
Failed to read frame
Failed to read frame
Failed to read frame
Failed to read frame
Failed to read frame
Failed to read frame
Failed to read frame
Failed to read frame
Failed to read frame
Failed to read frame
Failed to read frame
Failed to read frame
Failed to read frame
Failed to read frame
Failed to read frame
Failed to read frame
Failed to read frame
Failed to read frame
Failed to read frame
Failed to read frame
Failed to read frame
Failed to read frame
Failed to read frame
Failed to read frame
Failed to read frame
Failed to read frame
Failed to read frame
Failed to read frame
Failed to read frame
Failed to read frame
Failed to read frame
Failed to read frame
Failed to read frame
Failed to read frame
Failed to read frame
Failed to read frame
Failed to read frame
Failed to read frame
Failed to read frame
Failed to read frame
Failed to read frame
Failed to read frame
Failed to read frame
Failed to read frame
Failed to read frame
Failed to read frame
Failed to read frame
Failed to read frame
Failed to read frame
Failed to read frame
Failed to read frame
Failed to read frame
Failed to read frame
Failed to read frame
Failed to read frame
Failed to read frame
Failed to read frame
Failed to read frame
Failed to read frame
Failed to read frame
2026-09-24 22:24:26.630 Please replace `use_container_width` with `width`.

`use_container_width` will be removed after 2025-12-31.

For `use_container_width=True`, use `width='stretch'`. For `use_container_width=False`, use `width='content'`.
2026-09-24 22:24:28.039 Please replace `use_container_width` with `width`.

`use_container_width` will be removed after 2025-12-31.

For `use_container_width=True`, use `width='stretch'`. For `use_container_width=False`, use `width='content'`.
2026-09-24 22:24:59.119 Please replace `use_container_width` with `width`.

`use_container_width` will be removed after 2025-12-31.

For `use_container_width=True`, use `width='stretch'`. For `use_container_width=False`, use `width='content'`.
2026-09-24 22:25:29.115 Please replace `use_container_width` with `width`.

`use_container_width` will be removed after 2025-12-31.

For `use_container_width=True`, use `width='stretch'`. For `use_container_width=False`, use `width='content'`.
2026-09-24 22:25:59.114 Please replace `use_container_width` with `width`.

`use_container_width` will be removed after 2025-12-31.

For `use_container_width=True`, use `width='stretch'`. For `use_container_width=False`, use `width='content'`.
2026-09-24 22:26:29.110 Please replace `use_container_width` with `width`.

`use_container_width` will be removed after 2025-12-31.

For `use_container_width=True`, use `width='stretch'`. For `use_container_width=False`, use `width='content'`.
2026-09-24 22:26:59.100 Please replace `use_container_width` with `width`.

`use_container_width` will be removed after 2025-12-31.

For `use_container_width=True`, use `width='stretch'`. For `use_container_width=False`, use `width='content'`.
2026-09-24 22:27:29.112 Please replace `use_container_width` with `width`.

`use_container_width` will be removed after 2025-12-31.

For `use_container_width=True`, use `width='stretch'`. For `use_container_width=False`, use `width='content'`.
2026-09-24 22:27:58.139 Please replace `use_container_width` with `width`.

`use_container_width` will be removed after 2025-12-31.

For `use_container_width=True`, use `width='stretch'`. For `use_container_width=False`, use `width='content'`.
2026-09-24 22:28:05.764 Please replace `use_container_width` with `width`.

`use_container_width` will be removed after 2025-12-31.

For `use_container_width=True`, use `width='stretch'`. For `use_container_width=False`, use `width='content'`.
2026-09-24 22:28:36.098 Please replace `use_container_width` with `width`.

`use_container_width` will be removed after 2025-12-31.

For `use_container_width=True`, use `width='stretch'`. For `use_container_width=False`, use `width='content'`.
2026-09-24 22:29:06.109 Please replace `use_container_width` with `width`.

`use_container_width` will be removed after 2025-12-31.

For `use_container_width=True`, use `width='stretch'`. For `use_container_width=False`, use `width='content'`.
2026-09-24 22:29:36.112 Please replace `use_container_width` with `width`.

`use_container_width` will be removed after 2025-12-31.

For `use_container_width=True`, use `width='stretch'`. For `use_container_width=False`, use `width='content'`.
2026-09-24 22:30:06.114 Please replace `use_container_width` with `width`.

`use_container_width` will be removed after 2025-12-31.

For `use_container_width=True`, use `width='stretch'`. For `use_container_width=False`, use `width='content'`.
2026-09-24 22:30:36.119 Please replace `use_container_width` with `width`.

`use_container_width` will be removed after 2025-12-31.

For `use_container_width=True`, use `width='stretch'`. For `use_container_width=False`, use `width='content'`.
2026-09-24 22:31:06.140 Please replace `use_container_width` with `width`.

`use_container_width` will be removed after 2025-12-31.

For `use_container_width=True`, use `width='stretch'`. For `use_container_width=False`, use `width='content'`.
2026-09-24 22:31:36.141 Please replace `use_container_width` with `width`.

`use_container_width` will be removed after 2025-12-31.

For `use_container_width=True`, use `width='stretch'`. For `use_container_width=False`, use `width='content'`.
2026-09-24 22:32:05.836 Please replace `use_container_width` with `width`.

`use_container_width` will be removed after 2025-12-31.

For `use_container_width=True`, use `width='stretch'`. For `use_container_width=False`, use `width='content'`.
2026-09-24 22:32:35.837 Please replace `use_container_width` with `width`.

`use_container_width` will be removed after 2025-12-31.

For `use_container_width=True`, use `width='stretch'`. For `use_container_width=False`, use `width='content'`.
2026-09-24 22:33:05.837 Please replace `use_container_width` with `width`.

`use_container_width` will be removed after 2025-12-31.

For `use_container_width=True`, use `width='stretch'`. For `use_container_width=False`, use `width='content'`.
2026-09-24 22:33:35.828 Please replace `use_container_width` with `width`.

`use_container_width` will be removed after 2025-12-31.

For `use_container_width=True`, use `width='stretch'`. For `use_container_width=False`, use `width='content'`.
2026-09-24 22:34:05.833 Please replace `use_container_width` with `width`.

`use_container_width` will be removed after 2025-12-31.

For `use_container_width=True`, use `width='stretch'`. For `use_container_width=False`, use `width='content'`.
2026-09-24 22:34:35.839 Please replace `use_container_width` with `width`.

`use_container_width` will be removed after 2025-12-31.

For `use_container_width=True`, use `width='stretch'`. For `use_container_width=False`, use `width='content'`.
2026-09-24 22:35:05.838 Please replace `use_container_width` with `width`.

`use_container_width` will be removed after 2025-12-31.

For `use_container_width=True`, use `width='stretch'`. For `use_container_width=False`, use `width='content'`.
2026-09-24 22:35:35.837 Please replace `use_container_width` with `width`.

`use_container_width` will be removed after 2025-12-31.

For `use_container_width=True`, use `width='stretch'`. For `use_container_width=False`, use `width='content'`.
2026-09-24 22:36:05.837 Please replace `use_container_width` with `width`.

`use_container_width` will be removed after 2025-12-31.

For `use_container_width=True`, use `width='stretch'`. For `use_container_width=False`, use `width='content'`.
2026-09-24 22:36:35.838 Please replace `use_container_width` with `width`.

`use_container_width` will be removed after 2025-12-31.

For `use_container_width=True`, use `width='stretch'`. For `use_container_width=False`, use `width='content'`.
2026-09-24 22:37:06.133 Please replace `use_container_width` with `width`.

`use_container_width` will be removed after 2025-12-31.

For `use_container_width=True`, use `width='stretch'`. For `use_container_width=False`, use `width='content'`.
2026-09-24 22:37:35.837 Please replace `use_container_width` with `width`.

`use_container_width` will be removed after 2025-12-31.

For `use_container_width=True`, use `width='stretch'`. For `use_container_width=False`, use `width='content'`.
2026-09-24 22:38:05.837 Please replace `use_container_width` with `width`.

`use_container_width` will be removed after 2025-12-31.

For `use_container_width=True`, use `width='stretch'`. For `use_container_width=False`, use `width='content'`.
2026-09-24 22:38:35.834 Please replace `use_container_width` with `width`.

`use_container_width` will be removed after 2025-12-31.

For `use_container_width=True`, use `width='stretch'`. For `use_container_width=False`, use `width='content'`.
2026-09-24 22:39:05.831 Please replace `use_container_width` with `width`.

`use_container_width` will be removed after 2025-12-31.

For `use_container_width=True`, use `width='stretch'`. For `use_container_width=False`, use `width='content'`.
2026-09-24 22:39:35.834 Please replace `use_container_width` with `width`.

`use_container_width` will be removed after 2025-12-31.

For `use_container_width=True`, use `width='stretch'`. For `use_container_width=False`, use `width='content'`.
2026-09-24 22:40:05.836 Please replace `use_container_width` with `width`.

`use_container_width` will be removed after 2025-12-31.

For `use_container_width=True`, use `width='stretch'`. For `use_container_width=False`, use `width='content'`.
2026-09-24 22:40:35.836 Please replace `use_container_width` with `width`.

`use_container_width` will be removed after 2025-12-31.

For `use_container_width=True`, use `width='stretch'`. For `use_container_width=False`, use `width='content'`.
2026-09-24 22:41:05.834 Please replace `use_container_width` with `width`.

`use_container_width` will be removed after 2025-12-31.

For `use_container_width=True`, use `width='stretch'`. For `use_container_width=False`, use `width='content'`.
2026-09-24 22:41:35.834 Please replace `use_container_width` with `width`.

`use_container_width` will be removed after 2025-12-31.

For `use_container_width=True`, use `width='stretch'`. For `use_container_width=False`, use `width='content'`.
2026-09-24 22:42:05.833 Please replace `use_container_width` with `width`.

`use_container_width` will be removed after 2025-12-31.

For `use_container_width=True`, use `width='stretch'`. For `use_container_width=False`, use `width='content'`.
2026-09-24 22:42:35.833 Please replace `use_container_width` with `width`.

`use_container_width` will be removed after 2025-12-31.

For `use_container_width=True`, use `width='stretch'`. For `use_container_width=False`, use `width='content'`.
2026-09-24 22:43:00.460 Please replace `use_container_width` with `width`.

`use_container_width` will be removed after 2025-12-31.

For `use_container_width=True`, use `width='stretch'`. For `use_container_width=False`, use `width='content'`.
2026-09-24 22:43:30.499 Please replace `use_container_width` with `width`.

`use_container_width` will be removed after 2025-12-31.

For `use_container_width=True`, use `width='stretch'`. For `use_container_width=False`, use `width='content'`.
2026-09-24 22:44:00.502 Please replace `use_container_width` with `width`.

`use_container_width` will be removed after 2025-12-31.

For `use_container_width=True`, use `width='stretch'`. For `use_container_width=False`, use `width='content'`.
2026-09-24 22:44:31.141 Please replace `use_container_width` with `width`.

`use_container_width` will be removed after 2025-12-31.

For `use_container_width=True`, use `width='stretch'`. For `use_container_width=False`, use `width='content'`.
2026-09-24 22:45:01.141 Please replace `use_container_width` with `width`.

`use_container_width` will be removed after 2025-12-31.

For `use_container_width=True`, use `width='stretch'`. For `use_container_width=False`, use `width='content'`.
2026-09-24 22:45:31.139 Please replace `use_container_width` with `width`.

`use_container_width` will be removed after 2025-12-31.

For `use_container_width=True`, use `width='stretch'`. For `use_container_width=False`, use `width='content'`.
2026-09-24 22:46:01.140 Please replace `use_container_width` with `width`.

`use_container_width` will be removed after 2025-12-31.

For `use_container_width=True`, use `width='stretch'`. For `use_container_width=False`, use `width='content'`.
2026-09-24 22:46:31.140 Please replace `use_container_width` with `width`.

`use_container_width` will be removed after 2025-12-31.

For `use_container_width=True`, use `width='stretch'`. For `use_container_width=False`, use `width='content'`.
2026-09-24 22:47:32.169 Please replace `use_container_width` with `width`.

`use_container_width` will be removed after 2025-12-31.

For `use_container_width=True`, use `width='stretch'`. For `use_container_width=False`, use `width='content'`.
2026-09-24 22:48:33.171 Please replace `use_container_width` with `width`.

`use_container_width` will be removed after 2025-12-31.

For `use_container_width=True`, use `width='stretch'`. For `use_container_width=False`, use `width='content'`.
2026-09-24 22:49:00.522 Please replace `use_container_width` with `width`.

`use_container_width` will be removed after 2025-12-31.

For `use_container_width=True`, use `width='stretch'`. For `use_container_width=False`, use `width='content'`.
2026-09-24 22:49:31.171 Please replace `use_container_width` with `width`.

`use_container_width` will be removed after 2025-12-31.

For `use_container_width=True`, use `width='stretch'`. For `use_container_width=False`, use `width='content'`.
2026-09-24 22:50:00.530 Please replace `use_container_width` with `width`.

`use_container_width` will be removed after 2025-12-31.

For `use_container_width=True`, use `width='stretch'`. For `use_container_width=False`, use `width='content'`.
2026-09-24 22:50:30.527 Please replace `use_container_width` with `width`.

`use_container_width` will be removed after 2025-12-31.

For `use_container_width=True`, use `width='stretch'`. For `use_container_width=False`, use `width='content'`.
2026-09-24 22:51:01.171 Please replace `use_container_width` with `width`.

`use_container_width` will be removed after 2025-12-31.

For `use_container_width=True`, use `width='stretch'`. For `use_container_width=False`, use `width='content'`.
2026-09-24 22:51:31.171 Please replace `use_container_width` with `width`.

`use_container_width` will be removed after 2025-12-31.

For `use_container_width=True`, use `width='stretch'`. For `use_container_width=False`, use `width='content'`.
2026-09-24 22:52:01.168 Please replace `use_container_width` with `width`.

`use_container_width` will be removed after 2025-12-31.

For `use_container_width=True`, use `width='stretch'`. For `use_container_width=False`, use `width='content'`.
2026-09-24 22:52:39.169 Please replace `use_container_width` with `width`.

`use_container_width` will be removed after 2025-12-31.

For `use_container_width=True`, use `width='stretch'`. For `use_container_width=False`, use `width='content'`.
2026-09-24 22:53:39.173 Please replace `use_container_width` with `width`.

`use_container_width` will be removed after 2025-12-31.

For `use_container_width=True`, use `width='stretch'`. For `use_container_width=False`, use `width='content'`.
2026-09-24 22:54:39.171 Please replace `use_container_width` with `width`.

`use_container_width` will be removed after 2025-12-31.

For `use_container_width=True`, use `width='stretch'`. For `use_container_width=False`, use `width='content'`.
2026-09-24 22:55:39.171 Please replace `use_container_width` with `width`.

`use_container_width` will be removed after 2025-12-31.

For `use_container_width=True`, use `width='stretch'`. For `use_container_width=False`, use `width='content'`.
Failed to read frame
Failed to read frame
2026-09-24 22:56:20.270 Please replace `use_container_width` with `width`.

`use_container_width` will be removed after 2025-12-31.

For `use_container_width=True`, use `width='stretch'`. For `use_container_width=False`, use `width='content'`.
Failed to read frame
Failed to read frame
Failed to read frame
Failed to read frame
Failed to read frame
Failed to read frame
Failed to read frame
Failed to read frame
Failed to read frame
Failed to read frame
Failed to read frame
Failed to read frame
Failed to read frame
Failed to read frame
Failed to read frame
Failed to read frame
Failed to read frame
Failed to read frame
Failed to read frame
Failed to read frame
Failed to read frame
Failed to read frame
Failed to read frame
Failed to read frame
Failed to read frame
Failed to read frame
Failed to read frame
Failed to read frame
Failed to read frame
Failed to read frame
Failed to read frame
Failed to read frame
Failed to read frame
Failed to read frame
Failed to read frame
Failed to read frame
Failed to read frame
Failed to read frame
Failed to read frame
Failed to read frame
Failed to read frame
Failed to read frame
Failed to read frame
Failed to read frame
Failed to read frame
Failed to read frame
Failed to read frame
Failed to read frame
Failed to read frame
Failed to read frame
Failed to read frame
Failed to read frame
Failed to read frame
Failed to read frame
Failed to read frame
Failed to read frame
Failed to read frame
Failed to read frame
Failed to read frame
Failed to read frame
Failed to read frame
Failed to read frame
Failed to read frame
Failed to read frame
Failed to read frame
Failed to read frame
Failed to read frame
Failed to read frame
Failed to read frame
Failed to read frame
Failed to read frame
Failed to read frame
Failed to read frame
Failed to read frame
Failed to read frame
Failed to read frame
Failed to read frame
Failed to read frame
Failed to read frame
Failed to read frame
Failed to read frame
Failed to read frame
Failed to read frame
Failed to read frame
Failed to read frame
Failed to read frame
Failed to read frame
Failed to read frame
Failed to read frame
Failed to read frame
Failed to read frame
2026-09-24 22:56:51.183 Please replace `use_container_width` with `width`.

`use_container_width` will be removed after 2025-12-31.

For `use_container_width=True`, use `width='stretch'`. For `use_container_width=False`, use `width='content'`.
Failed to read frame
Failed to read frame
Failed to read frame
Failed to read frame
Failed to read frame
Failed to read frame
Failed to read frame
Failed to read frame
Failed to read frame
Failed to read frame
Failed to read frame
Failed to read frame
Failed to read frame
Failed to read frame
Failed to read frame
Failed to read frame
Failed to read frame
Failed to read frame
Failed to read frame
Failed to read frame
Failed to read frame
Failed to read frame
Failed to read frame
Failed to read frame
Failed to read frame
Failed to read frame
Failed to read frame
Failed to read frame
Failed to read frame
Failed to read frame
Failed to read frame
Failed to read frame
Failed to read frame
Failed to read frame
Failed to read frame
Failed to read frame
Failed to read frame
Failed to read frame
Failed to read frame
Failed to read frame
Failed to read frame
Failed to read frame
Failed to read frame
Failed to read frame
Failed to read frame
Failed to read frame
Failed to read frame
Failed to read frame
Failed to read frame
Failed to read frame
Failed to read frame
Failed to read frame
Failed to read frame
Failed to read frame
Failed to read frame
Failed to read frame
Failed to read frame
Failed to read frame
Failed to read frame
Failed to read frame
Failed to read frame
Failed to read frame
Failed to read frame
Failed to read frame
Failed to read frame
Failed to read frame
Failed to read frame
Failed to read frame
Failed to read frame
Failed to read frame
Failed to read frame
Failed to read frame
Failed to read frame
Failed to read frame
Failed to read frame
Failed to read frame
Failed to read frame
Failed to read frame
Failed to read frame
Failed to read frame
Failed to read frame
Failed to read frame
Failed to read frame
Failed to read frame
Failed to read frame
Failed to read frame
Failed to read frame
2026-09-24 22:57:27.436 Please replace `use_container_width` with `width`.

`use_container_width` will be removed after 2025-12-31.

For `use_container_width=True`, use `width='stretch'`. For `use_container_width=False`, use `width='content'`.
Failed to read frame
Failed to read frame
Failed to read frame
Failed to read frame
Failed to read frame
Failed to read frame
Failed to read frame
Failed to read frame
Failed to read frame
Failed to read frame
Failed to read frame
Failed to read frame
Failed to read frame
Failed to read frame
Failed to read frame
Failed to read frame
Failed to read frame
Failed to read frame
Failed to read frame
Failed to read frame
Failed to read frame
Failed to read frame
Failed to read frame
Failed to read frame
Failed to read frame
Failed to read frame
Failed to read frame
Failed to read frame
Failed to read frame
Failed to read frame
Failed to read frame
Failed to read frame
Failed to read frame
Failed to read frame
Failed to read frame
Failed to read frame
Failed to read frame
Failed to read frame
Failed to read frame
Failed to read frame
Failed to read frame
Failed to read frame
Failed to read frame
Failed to read frame
Failed to read frame
Failed to read frame
Failed to read frame
Failed to read frame
Failed to read frame
Failed to read frame
Failed to read frame
Failed to read frame
Failed to read frame
Failed to read frame
Failed to read frame
Failed to read frame
Failed to read frame
Failed to read frame
Failed to read frame
Failed to read frame
Failed to read frame
Failed to read frame
Failed to read frame
Failed to read frame
Failed to read frame
Failed to read frame
Failed to read frame
Failed to read frame
Failed to read frame
Failed to read frame
Failed to read frame
Failed to read frame
Failed to read frame
Failed to read frame
Failed to read frame
Failed to read frame
Failed to read frame
Failed to read frame
Failed to read frame
Failed to read frame
Failed to read frame
Failed to read frame
Failed to read frame
Failed to read frame
Failed to read frame
Failed to read frame
Failed to read frame
Failed to read frame
Failed to read frame
Failed to read frame
2026-09-24 22:57:57.439 Please replace `use_container_width` with `width`.

`use_container_width` will be removed after 2025-12-31.

For `use_container_width=True`, use `width='stretch'`. For `use_container_width=False`, use `width='content'`.
Failed to read frame
Failed to read frame
Failed to read frame
Failed to read frame
Failed to read frame
Failed to read frame
Failed to read frame
Failed to read frame
Failed to read frame
Failed to read frame
Failed to read frame
Failed to read frame
Failed to read frame
Failed to read frame
Failed to read frame
Failed to read frame
Failed to read frame
Failed to read frame
Failed to read frame
Failed to read frame
Failed to read frame
Failed to read frame
Failed to read frame
Failed to read frame
Failed to read frame
Failed to read frame
Failed to read frame
Failed to read frame
Failed to read frame
Failed to read frame
Failed to read frame
Failed to read frame
Failed to read frame
Failed to read frame
Failed to read frame
Failed to read frame
Failed to read frame
Failed to read frame
Failed to read frame
Failed to read frame
Failed to read frame
Failed to read frame
Failed to read frame
Failed to read frame
Failed to read frame
Failed to read frame
Failed to read frame
Failed to read frame
Failed to read frame
Failed to read frame
Failed to read frame
Failed to read frame
Failed to read frame
Failed to read frame
Failed to read frame
Failed to read frame
Failed to read frame
Failed to read frame
Failed to read frame
Failed to read frame
Failed to read frame
Failed to read frame
Failed to read frame
Failed to read frame
Failed to read frame
Failed to read frame
Failed to read frame
Failed to read frame
Failed to read frame
Failed to read frame
Failed to read frame
Failed to read frame
Failed to read frame
Failed to read frame
Failed to read frame
Failed to read frame
Failed to read frame
Failed to read frame
Failed to read frame
Failed to read frame
Failed to read frame
Failed to read frame
Failed to read frame
Failed to read frame
Failed to read frame
Failed to read frame
Failed to read frame
2026-09-24 22:58:59.664 Please replace `use_container_width` with `width`.

`use_container_width` will be removed after 2025-12-31.

For `use_container_width=True`, use `width='stretch'`. For `use_container_width=False`, use `width='content'`.
Failed to read frame
Failed to read frame
Failed to read frame
Failed to read frame
Failed to read frame
Failed to read frame
Failed to read frame
Failed to read frame
Failed to read frame
Failed to read frame
Failed to read frame
Failed to read frame
Failed to read frame
Failed to read frame
Failed to read frame
Failed to read frame
Failed to read frame
Failed to read frame
Failed to read frame
Failed to read frame
Failed to read frame
Failed to read frame
Failed to read frame
Failed to read frame
Failed to read frame
Failed to read frame
Failed to read frame
Failed to read frame
Failed to read frame
Failed to read frame
Failed to read frame
Failed to read frame
Failed to read frame
Failed to read frame
Failed to read frame
Failed to read frame
Failed to read frame
Failed to read frame
Failed to read frame
Failed to read frame
Failed to read frame
Failed to read frame
Failed to read frame
Failed to read frame
Failed to read frame
Failed to read frame
Failed to read frame
Failed to read frame
Failed to read frame
Failed to read frame
Failed to read frame
Failed to read frame
Failed to read frame
Failed to read frame
Failed to read frame
Failed to read frame
Failed to read frame
Failed to read frame
Failed to read frame
Failed to read frame
Failed to read frame
Failed to read frame
Failed to read frame
Failed to read frame
Failed to read frame
Failed to read frame
Failed to read frame
Failed to read frame
Failed to read frame
Failed to read frame
Failed to read frame
Failed to read frame
Failed to read frame
Failed to read frame
Failed to read frame
Failed to read frame
Failed to read frame
Failed to read frame
Failed to read frame
Failed to read frame
Failed to read frame
Failed to read frame
Failed to read frame
Failed to read frame
Failed to read frame
Failed to read frame
Failed to read frame
2026-09-24 22:59:29.664 Please replace `use_container_width` with `width`.

`use_container_width` will be removed after 2025-12-31.

For `use_container_width=True`, use `width='stretch'`. For `use_container_width=False`, use `width='content'`.
Failed to read frame
Failed to read frame
Failed to read frame
Failed to read frame
Failed to read frame
Failed to read frame
Failed to read frame
Failed to read frame
Failed to read frame
Failed to read frame
Failed to read frame
Failed to read frame
Failed to read frame
Failed to read frame
Failed to read frame
Failed to read frame
Failed to read frame
Failed to read frame
Failed to read frame
Failed to read frame
Failed to read frame
Failed to read frame
Failed to read frame
Failed to read frame
Failed to read frame
Failed to read frame
Failed to read frame
Failed to read frame
Failed to read frame
Failed to read frame
Failed to read frame
Failed to read frame
Failed to read frame
Failed to read frame
Failed to read frame
Failed to read frame
Failed to read frame
Failed to read frame
Failed to read frame
Failed to read frame
Failed to read frame
Failed to read frame
Failed to read frame
Failed to read frame
Failed to read frame
Failed to read frame
Failed to read frame
Failed to read frame
Failed to read frame
Failed to read frame
Failed to read frame
Failed to read frame
Failed to read frame
Failed to read frame
Failed to read frame
Failed to read frame
Failed to read frame
Failed to read frame
Failed to read frame
Failed to read frame
Failed to read frame
Failed to read frame
Failed to read frame
Failed to read frame
Failed to read frame
Failed to read frame
Failed to read frame
Failed to read frame
Failed to read frame
Failed to read frame
Failed to read frame
Failed to read frame
Failed to read frame
Failed to read frame
Failed to read frame
Failed to read frame
Failed to read frame
Failed to read frame
Failed to read frame
Failed to read frame
Failed to read frame
Failed to read frame
Failed to read frame
Failed to read frame
Failed to read frame
Failed to read frame
Failed to read frame
Failed to read frame
Failed to read frame
Failed to read frame
2026-09-24 22:59:59.789 Please replace `use_container_width` with `width`.

`use_container_width` will be removed after 2025-12-31.

For `use_container_width=True`, use `width='stretch'`. For `use_container_width=False`, use `width='content'`.
Failed to read frame
Failed to read frame
Failed to read frame
Failed to read frame
Failed to read frame
Failed to read frame
Failed to read frame
Failed to read frame
Failed to read frame
Failed to read frame
Failed to read frame
Failed to read frame
Failed to read frame
Failed to read frame
Failed to read frame
Failed to read frame
Failed to read frame
Failed to read frame
Failed to read frame
Failed to read frame
Failed to read frame
Failed to read frame
Failed to read frame
Failed to read frame
Failed to read frame
Failed to read frame
Failed to read frame
Failed to read frame
Failed to read frame
Failed to read frame
Failed to read frame
Failed to read frame
Failed to read frame
Failed to read frame
Failed to read frame
Failed to read frame
Failed to read frame
Failed to read frame
Failed to read frame
Failed to read frame
Failed to read frame
Failed to read frame
Failed to read frame
Failed to read frame
Failed to read frame
Failed to read frame
Failed to read frame
Failed to read frame
Failed to read frame
Failed to read frame
Failed to read frame
Failed to read frame
Failed to read frame
Failed to read frame
Failed to read frame
Failed to read frame
Failed to read frame
Failed to read frame
Failed to read frame
Failed to read frame
Failed to read frame
Failed to read frame
Failed to read frame
Failed to read frame
Failed to read frame
Failed to read frame
Failed to read frame
Failed to read frame
Failed to read frame
Failed to read frame
Failed to read frame
Failed to read frame
Failed to read frame
Failed to read frame
Failed to read frame
Failed to read frame
Failed to read frame
Failed to read frame
Failed to read frame
Failed to read frame
Failed to read frame
Failed to read frame
Failed to read frame
Failed to read frame
Failed to read frame
Failed to read frame
Failed to read frame
2026-09-24 23:04:33.041 Please replace `use_container_width` with `width`.

`use_container_width` will be removed after 2025-12-31.

For `use_container_width=True`, use `width='stretch'`. For `use_container_width=False`, use `width='content'`.
Failed to read frame
Failed to read frame
Failed to read frame
Failed to read frame
Failed to read frame
Failed to read frame
Failed to read frame
Failed to read frame
Failed to read frame
Failed to read frame
Failed to read frame
Failed to read frame
Failed to read frame
Failed to read frame
Failed to read frame
Failed to read frame
Failed to read frame
Failed to read frame
Failed to read frame
Failed to read frame
Failed to read frame
Failed to read frame
Failed to read frame
Failed to read frame
Failed to read frame
Failed to read frame
Failed to read frame
Failed to read frame
Failed to read frame
Failed to read frame
Failed to read frame
Failed to read frame
Failed to read frame
Failed to read frame
Failed to read frame
Failed to read frame
Failed to read frame
Failed to read frame
Failed to read frame
Failed to read frame
Failed to read frame
Failed to read frame
Failed to read frame
Failed to read frame
Failed to read frame
Failed to read frame
Failed to read frame
Failed to read frame
Failed to read frame
Failed to read frame
Failed to read frame
Failed to read frame
Failed to read frame
Failed to read frame
Failed to read frame
Failed to read frame
Failed to read frame
Failed to read frame
Failed to read frame
Failed to read frame
Failed to read frame
Failed to read frame
Failed to read frame
Failed to read frame
Failed to read frame
Failed to read frame
Failed to read frame
Failed to read frame
Failed to read frame
Failed to read frame
Failed to read frame
Failed to read frame
Failed to read frame
Failed to read frame
Failed to read frame
Failed to read frame
Failed to read frame
Failed to read frame
Failed to read frame
Failed to read frame
Failed to read frame
Failed to read frame
Failed to read frame
Failed to read frame
Failed to read frame
Failed to read frame
Failed to read frame
Failed to read frame
Failed to read frame
Failed to read frame
Failed to read frame
Failed to read frame
Failed to read frame
Failed to read frame
Failed to read frame
Failed to read frame
Failed to read frame
Failed to read frame
Failed to read frame
Failed to read frame
Failed to read frame
Failed to read frame
Failed to read frame
Failed to read frame
Failed to read frame
2026-09-24 23:11:17.953 Please replace `use_container_width` with `width`.

`use_container_width` will be removed after 2025-12-31.

For `use_container_width=True`, use `width='stretch'`. For `use_container_width=False`, use `width='content'`.
2026-09-24 23:11:29.945 Please replace `use_container_width` with `width`.

`use_container_width` will be removed after 2025-12-31.

For `use_container_width=True`, use `width='stretch'`. For `use_container_width=False`, use `width='content'`.
2026-09-24 23:11:59.950 Please replace `use_container_width` with `width`.

`use_container_width` will be removed after 2025-12-31.

For `use_container_width=True`, use `width='stretch'`. For `use_container_width=False`, use `width='content'`.
2026-09-24 23:13:00.952 Please replace `use_container_width` with `width`.

`use_container_width` will be removed after 2025-12-31.

For `use_container_width=True`, use `width='stretch'`. For `use_container_width=False`, use `width='content'`.
2026-09-24 23:13:38.436 Please replace `use_container_width` with `width`.

`use_container_width` will be removed after 2025-12-31.

For `use_container_width=True`, use `width='stretch'`. For `use_container_width=False`, use `width='content'`.
2026-09-24 23:13:59.941 Please replace `use_container_width` with `width`.

`use_container_width` will be removed after 2025-12-31.

For `use_container_width=True`, use `width='stretch'`. For `use_container_width=False`, use `width='content'`.
2026-09-24 23:14:29.941 Please replace `use_container_width` with `width`.

`use_container_width` will be removed after 2025-12-31.

For `use_container_width=True`, use `width='stretch'`. For `use_container_width=False`, use `width='content'`.
2026-09-24 23:14:59.952 Please replace `use_container_width` with `width`.

`use_container_width` will be removed after 2025-12-31.

For `use_container_width=True`, use `width='stretch'`. For `use_container_width=False`, use `width='content'`.
2026-09-24 23:15:29.952 Please replace `use_container_width` with `width`.

`use_container_width` will be removed after 2025-12-31.

For `use_container_width=True`, use `width='stretch'`. For `use_container_width=False`, use `width='content'`.
2026-09-24 23:15:59.949 Please replace `use_container_width` with `width`.

`use_container_width` will be removed after 2025-12-31.

For `use_container_width=True`, use `width='stretch'`. For `use_container_width=False`, use `width='content'`.
2026-09-24 23:17:00.942 Please replace `use_container_width` with `width`.

`use_container_width` will be removed after 2025-12-31.

For `use_container_width=True`, use `width='stretch'`. For `use_container_width=False`, use `width='content'`.
2026-09-24 23:18:01.951 Please replace `use_container_width` with `width`.

`use_container_width` will be removed after 2025-12-31.

For `use_container_width=True`, use `width='stretch'`. For `use_container_width=False`, use `width='content'`.
2026-09-24 23:19:02.950 Please replace `use_container_width` with `width`.

`use_container_width` will be removed after 2025-12-31.

For `use_container_width=True`, use `width='stretch'`. For `use_container_width=False`, use `width='content'`.
2026-09-24 23:20:03.944 Please replace `use_container_width` with `width`.

`use_container_width` will be removed after 2025-12-31.

For `use_container_width=True`, use `width='stretch'`. For `use_container_width=False`, use `width='content'`.
2026-09-24 23:21:04.946 Please replace `use_container_width` with `width`.

`use_container_width` will be removed after 2025-12-31.

For `use_container_width=True`, use `width='stretch'`. For `use_container_width=False`, use `width='content'`.
2026-09-24 23:22:05.948 Please replace `use_container_width` with `width`.

`use_container_width` will be removed after 2025-12-31.

For `use_container_width=True`, use `width='stretch'`. For `use_container_width=False`, use `width='content'`.
2026-09-24 23:23:06.962 Please replace `use_container_width` with `width`.

`use_container_width` will be removed after 2025-12-31.

For `use_container_width=True`, use `width='stretch'`. For `use_container_width=False`, use `width='content'`.
2026-09-24 23:24:07.975 Please replace `use_container_width` with `width`.

`use_container_width` will be removed after 2025-12-31.

For `use_container_width=True`, use `width='stretch'`. For `use_container_width=False`, use `width='content'`.
2026-09-24 23:25:08.969 Please replace `use_container_width` with `width`.

`use_container_width` will be removed after 2025-12-31.

For `use_container_width=True`, use `width='stretch'`. For `use_container_width=False`, use `width='content'`.
2026-09-24 23:26:09.976 Please replace `use_container_width` with `width`.

`use_container_width` will be removed after 2025-12-31.

For `use_container_width=True`, use `width='stretch'`. For `use_container_width=False`, use `width='content'`.
2026-09-24 23:27:10.970 Please replace `use_container_width` with `width`.

`use_container_width` will be removed after 2025-12-31.

For `use_container_width=True`, use `width='stretch'`. For `use_container_width=False`, use `width='content'`.
2026-09-24 23:28:11.961 Please replace `use_container_width` with `width`.

`use_container_width` will be removed after 2025-12-31.

For `use_container_width=True`, use `width='stretch'`. For `use_container_width=False`, use `width='content'`.
2026-09-24 23:29:04.257 Please replace `use_container_width` with `width`.

`use_container_width` will be removed after 2025-12-31.

For `use_container_width=True`, use `width='stretch'`. For `use_container_width=False`, use `width='content'`.
2026-09-24 23:29:29.952 Please replace `use_container_width` with `width`.

`use_container_width` will be removed after 2025-12-31.

For `use_container_width=True`, use `width='stretch'`. For `use_container_width=False`, use `width='content'`.
2026-09-24 23:29:59.958 Please replace `use_container_width` with `width`.

`use_container_width` will be removed after 2025-12-31.

For `use_container_width=True`, use `width='stretch'`. For `use_container_width=False`, use `width='content'`.
